Tuning start
 id size   nb grid pf rf nbmin ndiv dp xp   result
  1 2048   16  4x1  l  l     1    2  0  0    35.09
  2 2048   16  4x1  l  l     1    2  0  0    34.58
  3 2048   16  4x1  l  l     1    2  0  0    39.08
  4 4096   16  4x1  l  l     1    2  0  0    22.06
  5 2048   32  4x1  l  l     1    2  0  0    29.63
  6 2048   16  2x2  l  l     1    2  0  0    30.73
  7 2048   16  4x1  c  l     1    2  0  0    39.32
  8 2048   16  4x1  l  c     1    2  0  0    32.84
  9 2048   16  4x1  l  l     2    2  0  0    31.42
 10 2048   16  4x1  l  l     1    3  0  0    29.47
 11 4096   16  4x1  l  l     1    2  0  0    21.55
 12 2048   32  4x1  l  l     1    2  0  0    31.32
 13 2048   16  2x2  l  l     1    2  0  0    26.06
 14 2048   16  4x1  c  l     1    2  0  0    30.63
 15 2048   16  4x1  l  c     1    2  0  0    31.52
 16 2048   16  4x1  l  l     2    2  0  0    32.88
 17 2048   16  4x1  l  l     1    3  0  0    28.79
 18 4096   16  4x1  l  l     1    2  0  0    20.55
 19 2048   32  4x1  l  l     1    2  0  0    29.47
 20 2048   16  2x2  l  l     1    2  0  0    24.35
 21 2048   16  4x1  c  l     1    2  0  0    31.52
 22 2048   16  4x1  l  c     1    2  0  0    30.77
 23 2048   16  4x1  l  l     2    2  0  0    31.62
 24 2048   16  4x1  l  l     1    3  0  0    29.68
 25 2048   32  4x1  l  l     1    2  0  0    29.04
 26 2048   16  4x1  c  l     1    2  0  0    31.28
 27 2048   16  4x1  l  l     2    2  0  0    35.82
 28 2048   32  4x1  l  l     1    2  0  0    34.46
 29 2048   16  4x1  c  l     1    2  0  0    34.89
 30 2048   16  4x1  l  l     2    2  0  0    33.11
 31 2048   16  4x1  c  l     1    2  0  0    31.43
 32 2048   16  4x1  c  l     1    2  0  0    31.63
 33 4096   32  4x1  l  l     1    2  0  0    18.12
 34 4096   16  2x2  l  l     1    2  0  0    17.71
 35 4096   16  4x1  c  l     1    2  0  0    20.53
 36 4096   16  4x1  l  c     1    2  0  0    22.00
 37 4096   16  4x1  l  l     2    2  0  0    20.96
 38 4096   16  4x1  l  l     1    3  0  0    23.77
 39 2048   32  2x2  l  l     1    2  0  0    23.15
 40 2048   16  2x2  c  l     1    2  0  0    24.63
 41 4096   32  4x1  l  l     1    2  0  0    18.00
 42 4096   16  2x2  l  l     1    2  0  0    19.12
 43 4096   16  4x1  c  l     1    2  0  0    20.83
 44 4096   16  4x1  l  c     1    2  0  0    22.08
 45 4096   16  4x1  l  l     2    2  0  0    20.91
 46 4096   16  4x1  l  l     1    3  0  0    20.49
 47 2048   32  2x2  l  l     1    2  0  0    24.99
 48 2048   16  2x2  c  l     1    2  0  0    26.71
 49 4096   32  4x1  l  l     1    2  0  0    19.21
 50 4096   16  2x2  l  l     1    2  0  0    17.76
 51 4096   16  4x1  c  l     1    2  0  0    21.45
 52 4096   16  4x1  l  c     1    2  0  0    21.42
 53 4096   16  4x1  l  l     2    2  0  0    21.74
 54 4096   16  4x1  l  l     1    3  0  0    22.34
 55 2048   32  2x2  l  l     1    2  0  0    24.80
 56 2048   16  2x2  c  l     1    2  0  0    25.05
 57 2048   16  2x2  l  c     1    2  0  0    26.16
 58 4096   16  2x2  l  l     1    2  0  0    18.86
 59 2048   16  2x2  l  l     2    2  0  0    26.59
 60 4096   16  4x1  l  c     1    2  0  0    20.90
 61 2048   16  2x2  l  l     1    3  0  0    24.67
 62 4096   16  4x1  l  l     1    3  0  0    21.80
 63 2048   32  4x1  l  l     1    3  0  0    29.05
 64 2048   16  2x2  c  l     1    2  0  0    24.94
 65 2048   16  2x2  l  c     1    2  0  0    25.37
 66 4096   16  2x2  l  l     1    2  0  0    18.37
 67 2048   16  2x2  l  l     2    2  0  0    28.03
 68 4096   16  4x1  l  c     1    2  0  0    21.12
 69 2048   16  2x2  l  l     1    3  0  0    24.18
 70 4096   16  4x1  l  l     1    3  0  0    21.21
 71 2048   32  4x1  l  l     1    3  0  0    29.45
 72 2048   16  2x2  c  l     1    2  0  0    26.80
 73 2048   16  2x2  l  c     1    2  0  0    24.63
 74 2048   16  4x1  c  l     1    3  0  0    29.76
 75 2048   16  2x2  l  l     2    2  0  0    25.73
 76 2048   16  4x1  l  c     1    3  0  0    32.10
 77 2048   16  2x2  l  l     1    3  0  0    25.18
 78 2048   16  4x1  l  l     2    3  0  0    31.77
 79 2048   32  4x1  l  l     1    3  0  0    29.14
 80 2048   64  4x1  l  l     1    2  0  0    31.25
 81 2048   16  2x2  l  c     1    2  0  0    25.97
 82 2048   16  4x1  c  l     1    3  0  0    30.45
 83 2048   16  2x2  l  l     2    2  0  0    25.70
 84 2048   16  4x1  l  c     1    3  0  0    30.71
 85 2048   16  2x2  l  l     1    3  0  0    25.63
 86 2048   16  4x1  l  l     2    3  0  0    32.83
 87 2048   32  4x1  l  l     1    3  0  0    30.35
 88 2048   64  4x1  l  l     1    2  0  0    29.71
 89 2048   16  2x2  l  c     1    2  0  0    25.64
 90 2048   16  4x1  c  l     1    3  0  0    30.97
 91 2048   32  4x1  c  l     1    2  0  0    28.47
 92 2048   16  4x1  l  c     1    3  0  0    30.29
 93 2048   32  4x1  l  c     1    2  0  0    29.99
 94 2048   16  4x1  l  l     2    3  0  0    32.63
 95 2048   32  4x1  l  l     2    2  0  0    29.99
 96 2048   64  4x1  l  l     1    2  0  0    33.21
 97 2048   16  4x1  c  c     1    2  0  0    38.31
 98 2048   16  4x1  c  l     1    3  0  0    30.19
 99 2048   32  4x1  c  l     1    2  0  0    30.29
100 2048   16  4x1  l  c     1    3  0  0    30.31
101 2048   32  4x1  l  c     1    2  0  0    29.99
102 2048   16  4x1  l  l     2    3  0  0    32.23
103 2048   32  4x1  l  l     2    2  0  0    30.59
104 2048   64  4x1  l  l     1    2  0  0    30.01
105 2048   16  4x1  c  c     1    2  0  0    32.84
106 2048   16  4x1  c  l     1    3  0  0    31.52
107 2048   32  4x1  c  l     1    2  0  0    30.07
108 2048   16  4x1  l  c     2    2  0  0    32.78
109 2048   32  4x1  l  c     1    2  0  0    29.83
110 2048   16  4x1  c  l     2    2  0  0    31.72
111 2048   32  4x1  l  l     2    2  0  0    31.12
112 2048   16  4x1  l  l     4    2  0  0    33.38
113 2048   16  4x1  c  c     1    2  0  0    32.51
114 2048   32  4x1  c  l     1    2  0  0    29.31
115 2048   16  4x1  l  c     2    2  0  0    32.35
116 2048   32  4x1  l  c     1    2  0  0    29.55
117 2048   16  4x1  c  l     2    2  0  0    32.14
118 2048   32  4x1  l  l     2    2  0  0    29.43
119 2048   16  4x1  l  l     4    2  0  0    32.92
120 2048   16  4x1  c  c     1    2  0  0    32.47
121 2048   32  4x1  c  l     1    2  0  0    29.50
122 2048   16  4x1  l  c     2    2  0  0    33.08
123 2048   16  4x1  c  l     2    2  0  0    32.94
124 2048   16  4x1  l  l     4    2  0  0    34.58
125 2048   32  4x1  c  l     1    2  0  0    29.94
126 2048   16  4x1  c  l     2    2  0  0    32.24
127 2048   16  4x1  l  l     4    2  0  0    32.23
128 2048   32  4x1  c  l     1    2  0  0    28.92
129 2048   16  4x1  l  l     4    2  0  0    33.97
130 2048   16  4x1  l  l     4    2  0  0    35.35
131 4096   32  2x2  l  l     1    2  0  0    15.89
132 4096   16  2x2  c  l     1    2  0  0    17.63
133 4096   16  2x2  l  c     1    2  0  0    18.27
134 4096   16  2x2  l  l     2    2  0  0    18.02
135 4096   16  2x2  l  l     1    3  0  0    17.73
136 4096   64  4x1  l  l     1    2  0  0    17.51
137 4096   32  4x1  c  l     1    2  0  0    17.92
138 4096   32  4x1  l  c     1    2  0  0    18.77
139 4096   32  2x2  l  l     1    2  0  0    15.41
140 4096   16  2x2  c  l     1    2  0  0    17.97
141 4096   16  2x2  l  c     1    2  0  0    18.00
142 4096   16  2x2  l  l     2    2  0  0    17.37
143 4096   16  2x2  l  l     1    3  0  0    18.41
144 4096   64  4x1  l  l     1    2  0  0    17.14
145 4096   32  4x1  c  l     1    2  0  0    18.47
146 4096   32  4x1  l  c     1    2  0  0    18.33
147 4096   32  2x2  l  l     1    2  0  0    17.16
148 4096   16  2x2  c  l     1    2  0  0    18.41
149 4096   16  2x2  l  c     1    2  0  0    18.54
150 4096   16  2x2  l  l     2    2  0  0    18.22
151 4096   16  2x2  l  l     1    3  0  0    18.28
152 4096   64  4x1  l  l     1    2  0  0    17.66
153 4096   32  4x1  c  l     1    2  0  0    19.20
154 4096   32  4x1  l  c     1    2  0  0    17.91
155 4096   32  4x1  l  l     2    2  0  0    18.64
156 4096   16  2x2  c  l     1    2  0  0    17.85
157 4096   32  4x1  l  l     1    3  0  0    18.15
158 4096   16  2x2  l  l     2    2  0  0    18.35
159 4096   16  4x1  c  c     1    2  0  0    21.50
160 4096   64  4x1  l  l     1    2  0  0    17.58
161 4096   16  4x1  c  l     2    2  0  0    21.72
162 4096   32  4x1  l  c     1    2  0  0    18.16
163 4096   32  4x1  l  l     2    2  0  0    18.65
164 4096   16  2x2  c  l     1    2  0  0    17.43
165 4096   32  4x1  l  l     1    3  0  0    18.59
166 4096   16  2x2  l  l     2    2  0  0    18.66
167 4096   16  4x1  c  c     1    2  0  0    21.04
168 4096   64  4x1  l  l     1    2  0  0    18.16
169 4096   16  4x1  c  l     2    2  0  0    21.10
170 4096   32  4x1  l  c     1    2  0  0    18.86
171 4096   32  4x1  l  l     2    2  0  0    18.22
172 4096   16  4x1  c  l     1    3  0  0    21.12
173 4096   32  4x1  l  l     1    3  0  0    19.07
174 4096   16  4x1  l  c     2    2  0  0    21.09
175 4096   16  4x1  c  c     1    2  0  0    21.23
176 4096   16  4x1  l  c     1    3  0  0    20.86
177 4096   16  4x1  c  l     2    2  0  0    21.74
178 4096   16  4x1  l  l     4    2  0  0    21.55
179 4096   32  4x1  l  l     2    2  0  0    18.88
180 4096   16  4x1  c  l     1    3  0  0    23.13
181 4096   32  4x1  l  l     1    3  0  0    19.93
182 4096   16  4x1  l  c     2    2  0  0    22.37
183 4096   16  4x1  c  c     1    2  0  0    20.66
184 4096   16  4x1  l  c     1    3  0  0    21.38
185 4096   16  4x1  c  l     2    2  0  0    21.06
186 4096   16  4x1  l  l     4    2  0  0    22.70
187 4096   32  4x1  l  l     2    2  0  0    18.71
188 4096   16  4x1  c  l     1    3  0  0    20.99
189 4096   16  4x1  l  l     2    3  0  0    21.29
190 4096   16  4x1  l  c     2    2  0  0    21.00
191 2048   64  2x2  l  l     1    2  0  0    24.82
192 4096   16  4x1  l  c     1    3  0  0    21.45
193 2048   32  2x2  c  l     1    2  0  0    23.99
194 4096   16  4x1  l  l     4    2  0  0    21.52
195 2048   32  2x2  l  c     1    2  0  0    25.34
196 4096   16  4x1  c  l     1    3  0  0    20.95
197 4096   16  4x1  l  l     2    3  0  0    20.92
198 4096   16  4x1  l  c     2    2  0  0    22.34
199 2048   64  2x2  l  l     1    2  0  0    24.01
200 4096   16  4x1  l  c     1    3  0  0    20.71
201 2048   32  2x2  c  l     1    2  0  0    26.15
202 4096   16  4x1  l  l     4    2  0  0    21.61
203 2048   32  2x2  l  c     1    2  0  0    24.10
204 4096   16  4x1  c  l     1    3  0  0    21.16
205 4096   16  4x1  l  l     2    3  0  0    21.90
206 2048   32  2x2  l  l     2    2  0  0    24.59
207 2048   64  2x2  l  l     1    2  0  0    23.50
208 2048   32  2x2  l  l     1    3  0  0    24.47
209 2048   32  2x2  c  l     1    2  0  0    24.14
210 2048   16  2x2  c  l     1    3  0  0    24.35
211 2048   32  2x2  l  c     1    2  0  0    23.83
212 2048   16  2x2  l  c     1    3  0  0    25.18
213 4096   16  4x1  l  l     2    3  0  0    21.49
214 2048   32  2x2  l  l     2    2  0  0    25.37
215 2048   64  2x2  l  l     1    2  0  0    23.71
216 2048   32  2x2  l  l     1    3  0  0    23.19
217 2048   32  2x2  c  l     1    2  0  0    23.93
218 2048   16  2x2  c  l     1    3  0  0    23.96
219 2048   32  2x2  l  c     1    2  0  0    24.11
220 2048   16  2x2  l  c     1    3  0  0    24.88
221 4096   16  4x1  l  l     2    3  0  0    20.79
222 2048   32  2x2  l  l     2    2  0  0    25.31
223 2048   16  2x2  l  l     2    3  0  0    25.28
224 2048   32  2x2  l  l     1    3  0  0    24.78
225 2048   16  2x2  c  c     1    2  0  0    25.60
226 2048   16  2x2  c  l     1    3  0  0    25.14
227 2048   16  2x2  l  c     2    2  0  0    25.94
228 2048   16  2x2  l  c     1    3  0  0    24.34
229 2048   16  2x2  c  l     2    2  0  0    24.81
230 2048   32  2x2  l  l     2    2  0  0    24.18
231 2048   16  2x2  l  l     2    3  0  0    24.78
232 2048   32  2x2  l  l     1    3  0  0    23.59
233 2048   16  2x2  c  c     1    2  0  0    27.46
234 2048   16  2x2  c  l     1    3  0  0    25.03
235 2048   16  2x2  l  c     2    2  0  0    26.55
236 2048   16  2x2  l  c     1    3  0  0    25.00
237 2048   16  2x2  c  l     2    2  0  0    25.91
238 2048   32  2x2  l  l     2    2  0  0    23.87
239 2048   16  2x2  l  l     2    3  0  0    24.13
240 2048   32  4x1  c  l     2    2  0  0    29.57
241 2048   16  2x2  c  c     1    2  0  0    25.71
242 2048   16  4x1  c  c     2    2  0  0    33.20
243 2048   16  2x2  l  c     2    2  0  0    26.01
244 2048   16  4x1  c  l     4    2  0  0    35.06
245 2048   16  2x2  c  l     2    2  0  0    25.90
246 2048   16  4x1  c  l     2    3  0  0    30.15
247 2048   16  2x2  l  l     2    3  0  0    24.12
248 2048   32  4x1  c  l     2    2  0  0    29.97
249 2048   16  2x2  c  c     1    2  0  0    25.03
250 2048   16  4x1  c  c     2    2  0  0    33.37
251 2048   16  2x2  l  c     2    2  0  0    26.53
252 2048   16  4x1  c  l     4    2  0  0    33.11
253 2048   16  2x2  c  l     2    2  0  0    26.49
254 2048   16  4x1  c  l     2    3  0  0    32.85
255 2048   16  2x2  l  l     2    3  0  0    24.34
256 2048   32  4x1  c  l     2    2  0  0    29.52
257 2048   16  4x1  c  c     2    2  0  0    32.24
258 2048   16  4x1  c  l     4    2  0  0    34.31
259 2048   16  4x1  c  l     2    3  0  0    31.48
260 2048   32  4x1  c  l     2    2  0  0    30.76
261 2048   16  4x1  c  c     2    2  0  0    32.80
262 2048   16  4x1  c  l     4    2  0  0    35.49
263 2048   16  4x1  c  l     2    3  0  0    31.50
264 2048   32  4x1  c  l     2    2  0  0    29.21
265 2048   16  4x1  c  l     4    2  0  0    33.00
266 2048   32  4x1  c  l     2    2  0  0    30.76
267 2048   16  4x1  c  l     4    2  0  0    34.14
268 2048   32  4x1  c  l     2    2  0  0    30.22
269 2048   32  4x1  c  l     2    2  0  0    29.66
270 2048   32  4x1  c  l     2    2  0  0    30.00
271 4096   64  2x2  l  l     1    2  0  0    14.61
272 4096   32  2x2  c  l     1    2  0  0    15.84
273 4096   32  2x2  l  c     1    2  0  0    16.20
274 4096   32  2x2  l  l     2    2  0  0    16.11
275 4096   32  2x2  l  l     1    3  0  0    16.19
276 4096   16  2x2  c  c     1    2  0  0    18.08
277 4096   16  2x2  c  l     2    2  0  0    17.97
278 4096   16  2x2  c  l     1    3  0  0    17.84
279 4096   64  2x2  l  l     1    2  0  0    14.78
280 4096   32  2x2  c  l     1    2  0  0    16.21
281 4096   32  2x2  l  c     1    2  0  0    16.35
282 4096   32  2x2  l  l     2    2  0  0    20.96
283 4096   32  2x2  l  l     1    3  0  0    18.93
284 4096   16  2x2  c  c     1    2  0  0    23.99
285 4096   16  2x2  c  l     2    2  0  0    27.19
286 4096   16  2x2  c  l     1    3  0  0    24.29
287 4096   64  2x2  l  l     1    2  0  0    20.49
288 4096   32  2x2  c  l     1    2  0  0    23.92
289 4096   32  2x2  l  c     1    2  0  0    17.63
290 4096   32  2x2  l  l     2    2  0  0    19.19
291 4096   32  2x2  l  l     1    3  0  0    19.57
292 4096   16  2x2  c  c     1    2  0  0    19.70
293 4096   16  2x2  c  l     2    2  0  0    24.07
294 4096   16  2x2  c  l     1    3  0  0    24.14
295 4096  128  4x1  l  l     1    2  0  0    19.77
296 4096   32  2x2  c  l     1    2  0  0    18.50
297 4096   64  4x1  c  l     1    2  0  0    21.01
298 4096   32  2x2  l  l     2    2  0  0    18.28
299 4096   64  4x1  l  c     1    2  0  0    18.85
300 4096   16  2x2  c  c     1    2  0  0    19.77
301 4096   64  4x1  l  l     2    2  0  0    25.99
302 4096   16  2x2  c  l     1    3  0  0    25.63
303 4096  128  4x1  l  l     1    2  0  0    23.49
304 4096   32  2x2  c  l     1    2  0  0    18.29
305 4096   64  4x1  c  l     1    2  0  0    20.18
306 4096   32  2x2  l  l     2    2  0  0    17.92
307 4096   64  4x1  l  c     1    2  0  0    21.78
308 4096   16  2x2  c  c     1    2  0  0    21.17
309 4096   64  4x1  l  l     2    2  0  0    21.69
310 4096   16  2x2  c  l     1    3  0  0    20.73
311 4096  128  4x1  l  l     1    2  0  0    20.13
312 4096   64  4x1  l  l     1    3  0  0    22.09
313 4096   64  4x1  c  l     1    2  0  0    21.34
314 4096   16  2x2  l  c     1    3  0  0    24.17
315 4096   64  4x1  l  c     1    2  0  0    21.72
316 4096   16  2x2  l  l     2    3  0  0    20.93
317 4096   64  4x1  l  l     2    2  0  0    20.50
318 4096   32  4x1  c  c     1    2  0  0    23.56
319 4096  128  4x1  l  l     1    2  0  0    20.08
320 4096   64  4x1  l  l     1    3  0  0    22.77
321 4096   64  4x1  c  l     1    2  0  0    21.40
322 4096   16  2x2  l  c     1    3  0  0    21.83
323 4096   64  4x1  l  c     1    2  0  0    21.33
324 4096   16  2x2  l  l     2    3  0  0    19.80
325 4096   64  4x1  l  l     2    2  0  0    21.95
326 4096   32  4x1  c  c     1    2  0  0    24.00
327 4096  128  4x1  l  l     1    2  0  0    22.34
328 4096   64  4x1  l  l     1    3  0  0    21.30
329 4096   32  4x1  l  c     2    2  0  0    23.94
330 4096   16  2x2  l  c     1    3  0  0    21.50
331 4096   32  4x1  l  c     1    3  0  0    20.86
332 4096   16  2x2  l  l     2    3  0  0    20.25
333 4096   32  4x1  c  l     2    2  0  0    29.66
334 4096   32  4x1  c  c     1    2  0  0    25.71
335 4096   32  4x1  c  l     1    3  0  0    24.62
336 4096   64  4x1  l  l     1    3  0  0    21.06
337 4096   32  4x1  l  c     2    2  0  0    22.96
338 4096   16  2x2  l  c     1    3  0  0    21.85
339 4096   32  4x1  l  c     1    3  0  0    22.21
340 4096   16  2x2  l  l     2    3  0  0    21.35
341 4096   32  4x1  c  l     2    2  0  0    20.12
342 4096   32  4x1  c  c     1    2  0  0    20.34
343 4096   32  4x1  c  l     1    3  0  0    24.42
344 4096   64  4x1  l  l     1    3  0  0    18.84
345 4096   32  4x1  l  c     2    2  0  0    23.95
346 4096   16  2x2  l  c     2    2  0  0    22.03
347 4096   32  4x1  l  c     1    3  0  0    20.37
348 4096   32  4x1  l  l     4    2  0  0    21.84
349 4096   32  4x1  c  l     2    2  0  0    21.06
350 4096   32  4x1  l  l     2    3  0  0    20.57
351 4096   32  4x1  c  l     1    3  0  0    19.99
352 4096   16  2x2  l  l     4    2  0  0    19.85
353 4096   32  4x1  l  c     2    2  0  0    19.82
354 4096   16  2x2  l  c     2    2  0  0    19.47
355 4096   32  4x1  l  c     1    3  0  0    19.53
356 4096   32  4x1  l  l     4    2  0  0    19.84
357 4096   32  4x1  c  l     2    2  0  0    19.09
358 4096   32  4x1  l  l     2    3  0  0    19.26
359 4096   32  4x1  c  l     1    3  0  0    18.84
360 4096   16  2x2  l  l     4    2  0  0    19.36
361 4096   32  4x1  l  c     2    2  0  0    20.65
362 4096   16  2x2  l  c     2    2  0  0    20.10
363 4096   16  4x1  c  l     4    2  0  0    23.75
364 4096   32  4x1  l  l     4    2  0  0    19.72
365 4096   16  4x1  l  c     4    2  0  0    25.85
366 4096   32  4x1  l  l     2    3  0  0    18.88
367 4096   16  4x1  l  l     4    3  0  0    23.52
368 4096   16  2x2  l  l     4    2  0  0    19.46
369 4096   16  2x2  l  c     2    2  0  0    18.65
370 4096   16  4x1  c  l     4    2  0  0    22.06
371 4096   32  4x1  l  l     4    2  0  0    19.54
372 4096   16  4x1  l  c     4    2  0  0    22.69
373 4096   32  4x1  l  l     2    3  0  0    18.38
374 4096   16  4x1  l  l     4    3  0  0    22.68
375 4096   16  2x2  l  l     4    2  0  0    17.96
376 4096   16  2x2  l  c     2    2  0  0    19.00
377 4096   16  4x1  c  l     4    2  0  0    21.98
378 4096   16  4x1  l  c     4    2  0  0    22.55
379 4096   16  4x1  l  l     4    3  0  0    22.49
380 4096   16  2x2  l  c     2    2  0  0    18.65
381 4096   16  4x1  l  c     4    2  0  0    22.58
382 4096   16  4x1  l  l     4    3  0  0    22.38
383 4096   16  2x2  l  c     2    2  0  0    18.37
384 4096   16  4x1  l  l     4    3  0  0    22.23
385 4096   16  4x1  l  l     4    3  0  0    22.51
386 4096  128  2x2  l  l     1    2  0  0    15.74
387 4096   64  2x2  c  l     1    2  0  0    15.62
388 4096   64  2x2  l  c     1    2  0  0    15.87
389 4096   64  2x2  l  l     2    2  0  0    15.90
390 4096   64  2x2  l  l     1    3  0  0    15.93
391 4096   32  2x2  c  l     1    3  0  0    16.25
392 4096   32  2x2  l  c     1    3  0  0    16.83
393 4096   32  2x2  l  l     2    3  0  0    16.11
394 4096  128  2x2  l  l     1    2  0  0    15.80
395 4096   64  2x2  c  l     1    2  0  0    15.47
396 4096   64  2x2  l  c     1    2  0  0    14.66
397 4096   64  2x2  l  l     2    2  0  0    15.85
398 4096   64  2x2  l  l     1    3  0  0    15.26
399 4096   32  2x2  c  l     1    3  0  0    15.88
400 4096   32  2x2  l  c     1    3  0  0    15.88
401 4096   32  2x2  l  l     2    3  0  0    15.49
402 4096  128  2x2  l  l     1    2  0  0    16.22
403 4096   64  2x2  c  l     1    2  0  0    15.42
404 4096   64  2x2  l  c     1    2  0  0    14.83
405 4096   64  2x2  l  l     2    2  0  0    15.80
406 4096   64  2x2  l  l     1    3  0  0    15.24
407 4096   32  2x2  c  l     1    3  0  0    15.87
408 4096   32  2x2  l  c     1    3  0  0    16.13
409 4096   32  2x2  l  l     2    3  0  0    15.56
410 4096   32  2x2  c  c     1    2  0  0    15.77
411 4096   64  2x2  c  l     1    2  0  0    15.05
412 4096   32  2x2  l  c     2    2  0  0    16.21
413 4096   64  2x2  l  l     2    2  0  0    15.50
414 4096   32  2x2  c  l     2    2  0  0    15.74
415 4096   32  2x2  c  l     1    3  0  0    15.87
416 4096   32  2x2  l  l     4    2  0  0    16.19
417 4096   32  2x2  l  l     2    3  0  0    15.57
418 4096   32  2x2  c  c     1    2  0  0    15.86
419 4096   64  2x2  c  l     1    2  0  0    14.81
420 4096   32  2x2  l  c     2    2  0  0    16.46
421 4096   64  2x2  l  l     2    2  0  0    15.19
422 4096   32  2x2  c  l     2    2  0  0    17.13
423 4096   32  2x2  c  l     1    3  0  0    39.73
424 4096   32  2x2  l  l     4    2  0  0    19.09
425 4096   32  2x2  l  l     2    3  0  0    21.60
426 4096   32  2x2  c  c     1    2  0  0    25.62
427 4096   16  2x2  c  l     4    2  0  0    23.74
428 4096   32  2x2  l  c     2    2  0  0    20.47
429 4096   16  2x2  l  c     4    2  0  0    22.10
430 4096   32  2x2  c  l     2    2  0  0    19.92
431 4096   16  2x2  l  l     4    3  0  0    20.70
432 4096   32  2x2  l  l     4    2  0  0    19.27
433 4096   16  2x2  c  c     2    2  0  0    25.58
434 4096   32  2x2  c  c     1    2  0  0    19.61
435 4096   16  2x2  c  l     4    2  0  0    21.54
436 4096   32  2x2  l  c     2    2  0  0    17.12
437 4096   16  2x2  l  c     4    2  0  0    21.39
438 4096   32  2x2  c  l     2    2  0  0    16.97
439 4096   16  2x2  l  l     4    3  0  0    20.84
440 4096   32  2x2  l  l     4    2  0  0    19.59
441 4096   16  2x2  c  c     2    2  0  0    22.88
442 4096   32  2x2  c  c     1    2  0  0    17.03
443 4096   16  2x2  c  l     4    2  0  0    20.93
444 4096   16  2x2  c  l     2    3  0  0    21.85
445 4096   16  2x2  l  c     4    2  0  0    20.31
446 4096   16  2x2  l  l     4    3  0  0    21.68
447 4096   16  2x2  c  c     2    2  0  0    20.99
448 4096   16  2x2  c  l     4    2  0  0    32.43
449 4096   16  2x2  c  l     2    3  0  0    22.10
450 4096   16  2x2  l  c     4    2  0  0    21.56
451 4096   16  2x2  l  l     4    3  0  0    20.88
452 4096   16  2x2  c  c     2    2  0  0    21.90
453 4096   16  2x2  c  l     4    2  0  0    24.32
454 4096   16  2x2  c  l     2    3  0  0    22.17
455 4096   16  2x2  l  l     4    3  0  0    20.97
456 4096   16  2x2  c  l     4    2  0  0    21.72
457 4096   16  2x2  l  l     4    3  0  0    24.61
458 4096   16  2x2  c  l     4    2  0  0    23.01
459 4096   16  2x2  c  l     4    2  0  0    22.99
460 4096   16  2x2  c  l     4    2  0  0    20.09
461 4096  128  2x2  l  c     1    2  0  0    16.51
462 4096   64  2x2  c  c     1    2  0  0    16.39
463 4096   64  2x2  l  c     2    2  0  0    18.15
464 4096   64  2x2  l  c     1    3  0  0    16.33
465 4096  128  2x2  c  l     1    2  0  0    16.59
466 4096   64  2x2  c  l     2    2  0  0    16.18
467 4096   64  2x2  c  l     1    3  0  0    16.08
468 4096  128  2x2  l  l     2    2  0  0    16.89
469 4096  128  2x2  l  c     1    2  0  0    16.70
470 4096   64  2x2  c  c     1    2  0  0    16.41
471 4096   64  2x2  l  c     2    2  0  0    16.42
472 4096   64  2x2  l  c     1    3  0  0    16.34
473 4096  128  2x2  c  l     1    2  0  0    17.01
474 4096   64  2x2  c  l     2    2  0  0    16.73
475 4096   64  2x2  c  l     1    3  0  0    15.83
476 4096  128  2x2  l  l     2    2  0  0    17.08
477 4096  128  2x2  l  c     1    2  0  0    16.23
478 4096   64  2x2  c  c     1    2  0  0    16.40
479 4096   64  2x2  l  c     2    2  0  0    16.72
480 4096   64  2x2  l  c     1    3  0  0    15.62
481 4096  128  2x2  c  l     1    2  0  0    16.68
482 4096   64  2x2  c  l     2    2  0  0    15.67
483 4096   64  2x2  c  l     1    3  0  0    15.89
484 4096  128  2x2  l  l     2    2  0  0    16.41
485 4096   64  2x2  l  l     4    2  0  0    15.71
486 4096   64  2x2  c  c     1    2  0  0    16.78
487 4096   64  2x2  l  l     2    3  0  0    15.36
488 4096   64  2x2  l  c     1    3  0  0    15.93
489 4096  128  2x2  l  l     1    3  0  0    16.04
490 4096   64  2x2  c  l     2    2  0  0    15.56
491 4096   32  2x2  c  l     2    3  0  0    16.90
492 4096  128  2x2  l  l     2    2  0  0    16.16
493 4096   64  2x2  l  l     4    2  0  0    20.74
494 4096   64  2x2  c  c     1    2  0  0    17.05
495 4096   64  2x2  l  l     2    3  0  0    18.99
496 4096   64  2x2  l  c     1    3  0  0    18.80
497 4096  128  2x2  l  l     1    3  0  0    16.80
498 4096   64  2x2  c  l     2    2  0  0    16.04
499 4096   32  2x2  c  l     2    3  0  0    15.76
500 4096  128  2x2  l  l     2    2  0  0    15.85
501 4096   64  2x2  l  l     4    2  0  0    15.65
502 4096   32  2x2  l  c     2    3  0  0    15.53
503 4096   64  2x2  l  l     2    3  0  0    15.76
504 4096   32  2x2  l  l     4    3  0  0    16.66
505 4096  128  2x2  l  l     1    3  0  0    16.03
506 4096  256  2x2  l  l     1    2  0  0    16.98
507 4096   32  2x2  c  l     2    3  0  0    15.71
508 4096   32  2x2  c  c     1    3  0  0    15.93
509 4096   64  2x2  l  l     4    2  0  0    15.68
510 4096   32  2x2  l  c     2    3  0  0    15.71
511 4096   64  2x2  l  l     2    3  0  0    15.44
512 4096   32  2x2  l  l     4    3  0  0    15.72
513 4096  128  2x2  l  l     1    3  0  0    15.55
514 4096  256  2x2  l  l     1    2  0  0    17.45
515 4096   32  2x2  c  l     2    3  0  0    15.83
516 4096   32  2x2  c  c     1    3  0  0    15.99
517 4096   64  2x2  l  l     4    2  0  0    15.17
518 4096   32  2x2  l  c     2    3  0  0    16.49
519 4096   32  2x2  c  c     2    2  0  0    16.30
520 4096   32  2x2  l  l     4    3  0  0    16.22
521 4096   32  2x2  l  c     4    2  0  0    16.20
522 4096  256  2x2  l  l     1    2  0  0    16.92
523 4096   32  2x2  c  l     4    2  0  0    16.33
524 4096   32  2x2  c  c     1    3  0  0    16.25
525 4096   32  2x2  l  c     2    3  0  0    15.88
526 4096   32  2x2  c  c     2    2  0  0    16.03
527 4096   32  2x2  l  l     4    3  0  0    15.76
528 4096   32  2x2  l  c     4    2  0  0    15.99
529 4096  256  2x2  l  l     1    2  0  0    16.93
530 4096   32  2x2  c  l     4    2  0  0    15.86
531 4096   32  2x2  c  c     1    3  0  0    16.76
532 4096   32  2x2  l  c     2    3  0  0    15.82
533 4096   32  2x2  c  c     2    2  0  0    16.06
534 4096   32  2x2  l  c     4    2  0  0    16.33
535 4096   32  2x2  c  l     4    2  0  0    15.81
536 4096   32  2x2  l  c     2    3  0  0    16.75
537 4096   32  2x2  l  c     4    2  0  0    16.11
538 4096   32  2x2  c  l     4    2  0  0    16.66
539 4096   32  2x2  l  c     2    3  0  0    16.38
540 4096   32  2x2  c  l     4    2  0  0    16.06
541 4096   32  2x2  c  l     4    2  0  0    16.48
542 4096  128  2x2  l  l     4    2  0  0    15.70
543 4096   64  2x2  c  l     4    2  0  0    15.73
544 4096   64  2x2  l  c     4    2  0  0    15.61
545 4096   64  2x2  l  l     4    3  0  0    15.21
546 4096  128  2x2  l  l     2    3  0  0    15.47
547 4096   64  2x2  c  l     2    3  0  0    15.56
548 4096   64  2x2  l  c     2    3  0  0    14.91
549 4096  256  2x2  l  l     1    3  0  0    17.11
550 4096  128  2x2  l  l     4    2  0  0    15.57
551 4096   64  2x2  c  l     4    2  0  0    15.27
552 4096   64  2x2  l  c     4    2  0  0    15.24
553 4096   64  2x2  l  l     4    3  0  0    15.32
554 4096  128  2x2  l  l     2    3  0  0    15.75
555 4096   64  2x2  c  l     2    3  0  0    15.21
556 4096   64  2x2  l  c     2    3  0  0    15.37
557 4096  256  2x2  l  l     1    3  0  0    17.01
558 4096  128  2x2  l  l     4    2  0  0    15.53
559 4096   64  2x2  c  l     4    2  0  0    15.69
560 4096   64  2x2  l  c     4    2  0  0    16.34
561 4096   64  2x2  l  l     4    3  0  0    15.35
562 4096  128  2x2  l  l     2    3  0  0    16.20
563 4096   64  2x2  c  l     2    3  0  0    14.92
564 4096   64  2x2  l  c     2    3  0  0    16.78
565 4096  256  2x2  l  l     1    3  0  0    17.54
566 4096  128  2x2  c  l     1    3  0  0    15.12
567 4096   64  2x2  c  l     4    2  0  0    15.67
568 4096  128  2x2  l  c     1    3  0  0    15.41
569 4096   64  2x2  l  l     4    3  0  0    15.76
570 4096  128  2x2  c  l     2    2  0  0    15.62
571 4096   64  2x2  c  l     2    3  0  0    14.85
572 4096   64  2x2  c  c     2    2  0  0    15.15
573 4096  256  2x2  l  l     1    3  0  0    17.52
574 4096  128  2x2  c  l     1    3  0  0    15.60
575 4096   64  2x2  c  l     4    2  0  0    15.40
576 4096  128  2x2  l  c     1    3  0  0    15.28
577 4096   64  2x2  l  l     4    3  0  0    15.64
578 4096  128  2x2  c  l     2    2  0  0    15.43
579 4096   64  2x2  c  l     2    3  0  0    14.96
580 4096   64  2x2  c  c     2    2  0  0    15.41
581 4096  256  2x2  l  l     1    3  0  0    17.27
582 4096  128  2x2  c  l     1    3  0  0    15.62
583 4096   64  2x2  c  c     1    3  0  0    16.17
584 4096  128  2x2  l  c     1    3  0  0    14.88
585 4096   32  2x2  c  c     2    3  0  0    15.84
586 4096  128  2x2  c  l     2    2  0  0    16.43
587 4096   32  2x2  c  l     4    3  0  0    15.96
588 4096   64  2x2  c  c     2    2  0  0    15.51
589 4096   32  2x2  l  c     4    3  0  0    16.12
590 4096  128  2x2  c  l     1    3  0  0    15.45
591 4096   64  2x2  c  c     1    3  0  0    14.91
592 4096  128  2x2  l  c     1    3  0  0    15.69
593 4096   32  2x2  c  c     2    3  0  0    16.06
594 4096  128  2x2  c  l     2    2  0  0    16.17
595 4096   32  2x2  c  l     4    3  0  0    15.89
596 4096   64  2x2  c  c     2    2  0  0    15.81
597 4096   32  2x2  l  c     4    3  0  0    15.63
598 4096  128  2x2  c  l     1    3  0  0    15.49
599 4096   64  2x2  c  c     1    3  0  0    15.42
600 4096  256  2x2  l  l     2    2  0  0    17.06
601 4096   32  2x2  c  c     2    3  0  0    16.40
602 4096  128  2x2  l  c     2    2  0  0    19.96
603 4096   32  2x2  c  l     4    3  0  0    17.45
604 4096   32  2x2  l  c     4    3  0  0    16.59
605 4096   64  2x2  c  c     1    3  0  0    16.48
606 4096  256  2x2  l  l     2    2  0  0    16.81
607 4096   32  2x2  c  c     2    3  0  0    15.19
608 4096  128  2x2  l  c     2    2  0  0    16.64
609 4096   32  2x2  c  l     4    3  0  0    16.04
610 4096   32  2x2  l  c     4    3  0  0    16.88
611 4096   64  2x2  c  c     1    3  0  0    15.63
612 4096  256  2x2  l  l     2    2  0  0    17.03
613 4096  128  2x2  l  c     2    2  0  0    16.11
614 4096   32  2x2  l  c     4    3  0  0    17.43
615 4096  256  2x2  l  l     2    2  0  0    17.72
616 4096  128  2x2  l  c     2    2  0  0    15.20
617 4096   32  2x2  l  c     4    3  0  0    15.58
618 4096  256  2x2  l  l     2    2  0  0    17.44
619 4096   32  2x2  l  c     4    3  0  0    16.89
620 4096   32  2x2  l  c     4    3  0  0    15.96
621 4096  128  2x2  c  l     2    3  0  0    15.28
622 4096   64  2x2  c  c     2    3  0  0    14.81
623 4096   64  2x2  c  l     4    3  0  0    16.01
624 4096  256  2x2  l  c     1    3  0  0    18.11
625 4096  128  2x2  c  c     1    3  0  0    15.44
626 4096  128  2x2  l  c     2    3  0  0    15.61
627 4096   64  2x2  l  c     4    3  0  0    15.95
628 4096   32  2x2  c  c     4    3  0  0    16.30
629 4096  128  2x2  c  l     2    3  0  0    15.47
630 4096   64  2x2  c  c     2    3  0  0    14.93
631 4096   64  2x2  c  l     4    3  0  0    15.27
632 4096  256  2x2  l  c     1    3  0  0    17.34
633 4096  128  2x2  c  c     1    3  0  0    15.52
634 4096  128  2x2  l  c     2    3  0  0    15.64
635 4096   64  2x2  l  c     4    3  0  0    15.22
636 4096   32  2x2  c  c     4    3  0  0    16.58
637 4096  128  2x2  c  l     2    3  0  0    15.81
638 4096   64  2x2  c  c     2    3  0  0    14.79
639 4096   64  2x2  c  l     4    3  0  0    15.08
640 4096  256  2x2  l  c     1    3  0  0    17.06
641 4096  128  2x2  c  c     1    3  0  0    15.50
642 4096  128  2x2  l  c     2    3  0  0    15.56
643 4096   64  2x2  l  c     4    3  0  0    15.72
644 4096   32  2x2  c  c     4    3  0  0    16.46
645 4096  256  2x2  l  c     2    2  0  0    17.17
646 4096   64  2x2  c  c     2    3  0  0    14.82
647 4096  128  2x2  c  c     2    2  0  0    16.45
648 4096  256  2x2  l  c     1    3  0  0    17.19
649 4096  128  2x2  l  c     4    2  0  0    16.88
650 4096  128  2x2  l  c     2    3  0  0    15.95
651 4096   64  2x2  c  c     4    2  0  0    16.24
652 4096   32  2x2  c  c     4    3  0  0    17.29
653 4096  256  2x2  l  c     2    2  0  0    17.50
654 4096   64  2x2  c  c     2    3  0  0    16.03
655 4096  128  2x2  c  c     2    2  0  0    16.82
656 4096  256  2x2  l  c     1    3  0  0    17.85
657 4096  128  2x2  l  c     4    2  0  0    17.03
658 4096  128  2x2  l  c     2    3  0  0    16.03
659 4096   64  2x2  c  c     4    2  0  0    16.78
660 4096   32  2x2  c  c     4    3  0  0    29.11
661 4096  256  2x2  l  c     2    2  0  0    17.28
662 4096  128  2x2  l  l     4    3  0  0    16.64
663 4096  128  2x2  c  c     2    2  0  0    16.31
664 4096  128  2x2  c  l     4    2  0  0    16.14
665 4096  128  2x2  l  c     4    2  0  0    15.77
666 4096  256  2x2  c  l     2    2  0  0    16.88
667 4096   64  2x2  c  c     4    2  0  0    15.81
668 4096  256  2x2  l  c     2    2  0  0    17.42
669 4096  128  2x2  l  l     4    3  0  0    16.33
670 4096  128  2x2  c  c     2    2  0  0    15.09
671 4096  128  2x2  c  l     4    2  0  0    15.49
672 4096  128  2x2  l  c     4    2  0  0    16.42
673 4096  256  2x2  c  l     2    2  0  0    17.31
674 4096   64  2x2  c  c     4    2  0  0    15.61
675 4096  256  2x2  l  c     2    2  0  0    16.83
676 4096  128  2x2  l  l     4    3  0  0    16.45
677 4096  128  2x2  c  l     4    2  0  0    15.58
678 4096  256  2x2  c  l     2    2  0  0    16.91
679 4096  256  2x2  l  c     2    2  0  0    17.15
680 4096  128  2x2  c  l     4    2  0  0    16.26
681 4096  256  2x2  c  l     2    2  0  0    17.36
682 4096  256  2x2  l  c     2    2  0  0    18.17
683 4096  256  2x2  c  l     2    2  0  0    17.92
684 4096  256  2x2  c  l     2    2  0  0    17.93
685 4096  128  2x2  c  c     2    3  0  0    15.77
686 4096   64  2x2  c  c     4    3  0  0    17.18
687 4096  128  2x2  c  l     4    3  0  0    16.67
688 4096  256  2x2  c  c     2    2  0  0    17.39
689 4096  128  2x2  c  c     4    2  0  0    16.45
690 4096  128  2x2  l  c     4    3  0  0    17.14
691 4096  256  2x2  c  l     2    3  0  0    18.25
692 4096  128  2x2  c  c     2    3  0  0    16.24
693 4096   64  2x2  c  c     4    3  0  0    16.55
694 4096  128  2x2  c  l     4    3  0  0    18.15
695 4096  256  2x2  c  c     2    2  0  0    17.75
696 4096  128  2x2  c  c     4    2  0  0    16.49
697 4096  128  2x2  l  c     4    3  0  0    17.53
698 4096  256  2x2  c  l     2    3  0  0    17.58
699 4096  128  2x2  c  c     2    3  0  0    16.15
700 4096   64  2x2  c  c     4    3  0  0    15.19
701 4096  128  2x2  c  l     4    3  0  0    16.60
702 4096  256  2x2  c  c     2    2  0  0    18.10
703 4096  128  2x2  c  c     4    2  0  0    15.78
704 4096  128  2x2  l  c     4    3  0  0    15.89
705 4096  256  2x2  c  l     2    3  0  0    18.07
706 4096   64  2x2  c  c     4    3  0  0    17.55
707 4096  256  2x2  c  c     2    2  0  0    17.53
708 4096  128  2x2  l  c     4    3  0  0    16.74
709 4096   64  2x2  c  c     4    3  0  0    15.25
710 4096  256  2x2  c  c     2    2  0  0    17.78
711 4096  128  2x2  l  c     4    3  0  0    17.93
712 4096  256  2x2  c  c     2    2  0  0    19.88
713 4096  256  2x2  c  c     2    2  0  0    19.24
714 4096  128  2x2  c  c     4    3  0  0    17.42
715 4096  128  2x2  c  c     4    3  0  0    18.00
716 4096  128  2x2  c  c     4    3  0  0    17.49
717 4096   64  2x2  l  l     1    2  0  0    15.72
718 4096   64  2x2  l  l     1    2  0  0    18.42
719 4096   64  2x2  l  l     1    2  0  0convergence success in 719 iterations
    16.19

best result:
    4096  64  2x2  l  l     1    2  0  0
